[speaklies.com/index.html]
[speaklies.com/xmlrpc.php]
[backblue.gif]
[fade.gif]
[index.html]
[speaklies.com/wp-content/uploads/2019/09/Promo_Amber-1024x1024.jpg]
[www.google-analytics.com/analytics.js]
[speaklies.com/wp-includes/css/dist/block-library/style.min234e.css]
[speaklies.com/wp-content/plugins/contact-form-7/includes/css/stylesbb49.css]
[speaklies.com/wp-content/themes/anggita/css/font-awesome.min68b3.css]
[speaklies.com/wp-content/themes/anggita/css/bootstrap.min68b3.css]
[speaklies.com/wp-content/themes/anggita/css/magnific-popup68b3.css]
[speaklies.com/wp-content/themes/anggita/css/preloader68b3.css]
[speaklies.com/wp-content/themes/anggita/css/animate68b3.css]
[speaklies.com/wp-content/themes/anggita/css/magic68b3.css]
[speaklies.com/wp-content/themes/anggita/css/slick68b3.css]
[speaklies.com/wp-content/themes/anggita/css/slicknav68b3.css]
[speaklies.com/wp-content/themes/anggita/css/jquery.fatNav68b3.css]
[speaklies.com/wp-content/themes/anggita/style68b3.css]
[speaklies.com/wp-content/plugins/elementor/assets/lib/eicons/css/elementor-icons.min74e5.css]
[speaklies.com/wp-content/plugins/elementor/assets/lib/animations/animations.min7c45.css]
[speaklies.com/wp-content/plugins/elementor/assets/css/frontend-legacy.min7c45.css]
[speaklies.com/wp-content/plugins/elementor/assets/css/frontend.min7c45.css]
[speaklies.com/wp-content/uploads/elementor/css/post-30501f4.css]
[speaklies.com/wp-content/plugins/elementor/assets/lib/font-awesome/css/all.min7c45.css]
[speaklies.com/wp-content/plugins/elementor/assets/lib/font-awesome/css/v4-shims.min7c45.css]
[speaklies.com/wp-content/uploads/elementor/css/post-98d958.css]
[speaklies.com/wp-content/plugins/elementor/assets/lib/font-awesome/css/fontawesome.minb683.css]
[speaklies.com/wp-content/plugins/elementor/assets/lib/font-awesome/css/solid.minb683.css]
[speaklies.com/wp-content/plugins/elementor/assets/lib/font-awesome/css/regular.minb683.css]
[speaklies.com/wp-content/plugins/elementor/assets/lib/font-awesome/css/brands.minb683.css]
[speaklies.com/wp-content/plugins/google-analytics-for-wordpress/assets/js/frontend.min994d.js]
[speaklies.com/wp-includes/js/jquery/jquery4a5f.js]
[speaklies.com/wp-content/themes/anggita/js/modernizr234e.js]
[speaklies.com/wp-content/plugins/elementor/assets/lib/font-awesome/js/v4-shims.min7c45.js]
[speaklies.com/xmlrpc0db0.php]
[speaklies.com/wp-includes/wlwmanifest.xml]
[speaklies.com/wp-content/uploads/2019/09/cropped-gameIcon-32x32.png]
[speaklies.com/wp-content/uploads/2019/09/cropped-gameIcon-192x192.png]
[speaklies.com/wp-content/uploads/2019/09/cropped-gameIcon-180x180.png]
[speaklies.com/wp-content/fonts/poppins/pxiEyp8kv8JHgFVrJJbedHFHGPezSQ.woff]
[speaklies.com/wp-content/fonts/poppins/pxiEyp8kv8JHgFVrJJnedHFHGPezSQ.woff]
[speaklies.com/wp-content/fonts/poppins/pxiEyp8kv8JHgFVrJJfedHFHGPc.woff]
[speaklies.com/wp-content/fonts/heebo/NGSpv5_NC0k9P_v6ZUCbLRAHxK1EiSysd0mg7UiCXC5VkK8.woff]
[speaklies.com/wp-content/fonts/heebo/NGSpv5_NC0k9P_v6ZUCbLRAHxK1EiSysdUmg7UiCXC5V.woff]
[speaklies.com/wp-content/uploads/2019/08/title.png]
[speaklies.com/wp-content/uploads/2019/08/backgroundM-1.jpg]
[speaklies.com/wp-content/uploads/2020/01/DescriptionImg1.jpg]
[speaklies.com/wp-content/uploads/2019/10/screenshot1-2.jpg]
[speaklies.com/wp-content/uploads/2019/10/screenshot2-2.jpg]
[speaklies.com/wp-content/uploads/2020/01/screenshot8.jpg]
[speaklies.com/wp-content/uploads/2020/01/screenshot9.jpg]
[speaklies.com/wp-content/uploads/2019/10/screenshot4-1.jpg]
[speaklies.com/wp-content/uploads/2019/10/screenshot5-1.jpg]
[speaklies.com/wp-content/uploads/2020/01/screenshot10.jpg]
[speaklies.com/wp-content/uploads/2019/10/screenshot6-1.jpg]
[speaklies.com/wp-content/uploads/2019/10/screenshot7-1.jpg]
[speaklies.com/wp-content/uploads/2019/10/screenshot1.jpg]
[speaklies.com/wp-content/uploads/2019/10/screenshot1-300x169.jpg]
[speaklies.com/wp-content/uploads/2019/10/screenshot2.jpg]
[speaklies.com/wp-content/uploads/2019/10/screenshot2-300x169.jpg]
[speaklies.com/wp-content/uploads/2020/01/screenshot8-300x169.jpg]
[speaklies.com/wp-content/uploads/2020/01/screenshot9-300x169.jpg]
[speaklies.com/wp-content/uploads/2019/10/screenshot4.jpg]
[speaklies.com/wp-content/uploads/2019/10/screenshot4-300x169.jpg]
[speaklies.com/wp-content/uploads/2019/10/screenshot5.jpg]
[speaklies.com/wp-content/uploads/2019/10/screenshot5-300x169.jpg]
[speaklies.com/wp-content/uploads/2020/01/screenshot10-300x169.jpg]
[speaklies.com/wp-content/uploads/2019/10/screenshot6.jpg]
[speaklies.com/wp-content/uploads/2019/10/screenshot6-300x169.jpg]
[speaklies.com/wp-content/uploads/2019/10/screenshot7.jpg]
[speaklies.com/wp-content/uploads/2019/10/screenshot7-300x169.jpg]
[cdn-images.mailchimp.com/embedcode/classic-10_7.css]
[s3.amazonaws.com/downloads.mailchimp.com/js/mc-validate.js]
[speaklies.com/wp-content/plugins/contact-form-7/includes/js/scriptsbb49.js]
[speaklies.com/wp-content/themes/anggita/js/bootstrap.min234e.js]
[speaklies.com/wp-content/themes/anggita/js/superfish234e.js]
[speaklies.com/wp-content/themes/anggita/js/jquery.fitvids234e.js]
[speaklies.com/wp-content/themes/anggita/js/jquery.magnific-popup.min234e.js]
[speaklies.com/wp-content/themes/anggita/js/jquery.sticky234e.js]
[speaklies.com/wp-includes/js/imagesloaded.mineda1.js]
[speaklies.com/wp-content/plugins/elementor/assets/lib/slick/slick.minc245.js]
[speaklies.com/wp-content/themes/anggita/js/jquery.slicknav234e.js]
[speaklies.com/wp-content/plugins/anggita_plugin/widgets/js/slick-animation.js]
[speaklies.com/wp-content/themes/anggita/js/totop234e.js]
[speaklies.com/wp-content/themes/anggita/js/script234e.js]
[speaklies.com/wp-includes/js/wp-embed.min234e.js]
[speaklies.com/wp-content/plugins/elementor/assets/js/frontend-modules.min7c45.js]
[speaklies.com/wp-includes/js/jquery/ui/position.mine899.js]
[speaklies.com/wp-content/plugins/elementor/assets/lib/dialog/dialog.mina288.js]
[speaklies.com/wp-content/plugins/elementor/assets/lib/waypoints/waypoints.min05da.js]
[speaklies.com/wp-content/plugins/elementor/assets/lib/share-link/share-link.min7c45.js]
[speaklies.com/index.html]
[speaklies.com/xmlrpc.php]
[speaklies.com/feed/index.html]
[speaklies.com/comments/feed/index.html]
[speaklies.com/linkid.html]
[speaklies.com/wp-includes/css/dist/block-library/style.min234e.css]
[speaklies.com/wp-content/plugins/elementor/assets/lib/swiper/swiper.min48f5.js]
[speaklies.com/wp-content/plugins/elementor/assets/js/frontend.min7c45.js]
[speaklies.com/wp-content/plugins/contact-form-7/images/ajax-loader.gif]
[speaklies.com/wp-content/plugins/contact-form-7/includes/css/stylesbb49.css]
[speaklies.com/wp-content/themes/anggita/css/bootstrap.min68b3.css]
[speaklies.com/wp-content/themes/anggita/fonts/fontawesome-webfont3e6e.eot]
[speaklies.com/wp-content/themes/anggita/fonts/fontawesome-webfontd41d.eot]
[speaklies.com/wp-content/themes/anggita/fonts/fontawesome-webfont3e6e.woff2]
[speaklies.com/wp-content/themes/anggita/fonts/fontawesome-webfont3e6e.woff]
[speaklies.com/wp-content/themes/anggita/fonts/fontawesome-webfont3e6e.ttf]
[speaklies.com/wp-content/themes/anggita/css/font-awesome.min68b3.css]
[speaklies.com/wp-content/themes/anggita/css/magnific-popup68b3.css]
[speaklies.com/wp-content/themes/anggita/css/preloader68b3.css]
[speaklies.com/wp-content/themes/anggita/css/animate68b3.css]
[speaklies.com/wp-content/themes/anggita/css/magic68b3.css]
[speaklies.com/wp-content/themes/anggita/css/slick68b3.css]
[speaklies.com/wp-content/themes/anggita/css/slicknav68b3.css]
[speaklies.com/wp-content/themes/anggita/css/jquery.fatNav68b3.css]
[speaklies.com/wp-content/themes/anggita/images/search.png]
[speaklies.com/wp-content/themes/anggita/style68b3.css]
[speaklies.com/wp-content/plugins/elementor/assets/lib/eicons/fonts/eiconsc2cd.eot]
[speaklies.com/wp-content/plugins/elementor/assets/lib/eicons/fonts/eiconsc2cd.woff2]
[speaklies.com/wp-content/plugins/elementor/assets/lib/eicons/fonts/eiconsc2cd.woff]
[speaklies.com/wp-content/plugins/elementor/assets/lib/eicons/fonts/eiconsc2cd.ttf]
[speaklies.com/wp-content/plugins/elementor/assets/lib/eicons/css/elementor-icons.min74e5.css]
[speaklies.com/wp-content/plugins/elementor/assets/lib/animations/animations.min7c45.css]
[speaklies.com/wp-content/plugins/elementor/assets/css/frontend-legacy.min7c45.css]
[speaklies.com/wp-content/plugins/elementor/assets/css/frontend.min7c45.css]
[speaklies.com/wp-content/uploads/elementor/css/post-30501f4.css]
[speaklies.com/wp-content/plugins/elementor/assets/lib/font-awesome/webfonts/fa-brands-400.eot]
[speaklies.com/wp-content/themes/anggita/fonts/fontawesome-webfont3e6e.svg]
[speaklies.com/wp-content/plugins/elementor/assets/lib/eicons/fonts/eiconsc2cd.svg]
[speaklies.com/wp-content/plugins/elementor/assets/lib/font-awesome/webfonts/fa-brands-400d41d.eot]
[speaklies.com/wp-content/plugins/elementor/assets/lib/font-awesome/webfonts/fa-brands-400.woff2]
[speaklies.com/wp-content/plugins/elementor/assets/lib/font-awesome/webfonts/fa-brands-400.woff]
[speaklies.com/wp-content/plugins/elementor/assets/lib/font-awesome/webfonts/fa-brands-400.ttf]
[speaklies.com/wp-content/plugins/elementor/assets/lib/font-awesome/webfonts/fa-regular-400.eot]
[speaklies.com/wp-content/plugins/elementor/assets/lib/font-awesome/webfonts/fa-regular-400d41d.eot]
[speaklies.com/wp-content/plugins/elementor/assets/lib/font-awesome/webfonts/fa-regular-400.woff2]
[speaklies.com/wp-content/plugins/elementor/assets/lib/font-awesome/webfonts/fa-regular-400.woff]
[speaklies.com/wp-content/plugins/elementor/assets/lib/font-awesome/webfonts/fa-brands-400.svg]
[speaklies.com/wp-content/plugins/elementor/assets/lib/font-awesome/webfonts/fa-regular-400.ttf]
[speaklies.com/wp-content/plugins/elementor/assets/lib/font-awesome/webfonts/fa-solid-900.eot]
[speaklies.com/wp-content/plugins/elementor/assets/lib/font-awesome/webfonts/fa-regular-400.svg]
[speaklies.com/wp-content/plugins/elementor/assets/lib/font-awesome/webfonts/fa-solid-900d41d.eot]
[speaklies.com/wp-content/plugins/elementor/assets/lib/font-awesome/webfonts/fa-solid-900.woff2]
[speaklies.com/wp-content/plugins/elementor/assets/lib/font-awesome/webfonts/fa-solid-900.woff]
[speaklies.com/wp-content/plugins/elementor/assets/lib/font-awesome/webfonts/fa-solid-900.ttf]
[speaklies.com/wp-content/plugins/elementor/assets/lib/font-awesome/css/all.min7c45.css]
[speaklies.com/wp-content/plugins/elementor/assets/lib/font-awesome/css/v4-shims.min7c45.css]
[speaklies.com/wp-content/uploads/2019/08/background.jpg]
[speaklies.com/wp-content/plugins/elementor/assets/lib/font-awesome/webfonts/fa-solid-900.svg]
[speaklies.silentclowns.co/wp-content/uploads/2019/10/BGtexture.jpg]
[speaklies.com/wp-content/uploads/elementor/css/post-98d958.css]
[speaklies.com/wp-content/plugins/elementor/assets/lib/font-awesome/css/fontawesome.minb683.css]
[speaklies.com/wp-content/plugins/elementor/assets/lib/font-awesome/css/solid.minb683.css]
[speaklies.com/wp-content/plugins/elementor/assets/lib/font-awesome/css/regular.minb683.css]
[speaklies.com/wp-content/plugins/elementor/assets/lib/font-awesome/css/brands.minb683.css]
[speaklies.com/wp-content/plugins/google-analytics-for-wordpress/assets/js/frontend.min994d.js]
[speaklies.com/wp-includes/js/jquery/jquery4a5f.js]
[speaklies.com/wp-content/themes/anggita/js/modernizr234e.js]
[speaklies.com/wp-content/plugins/elementor/assets/lib/font-awesome/js/v4-shims.min7c45.js]
[speaklies.com/wp-json/index.html]
[speaklies.com/wp-json/wp/v2/pages/98.html]
[speaklies.com/wp-json/oembed/1.0/embed17a0.html]
[speaklies.com/wp-json/oembed/1.0/embed531b.html]
[cdn-images.mailchimp.com/embedcode/classic-10_7.css]
[speaklies.com/wp-content/plugins/contact-form-7/includes/js/scriptsbb49.js]
[speaklies.com/wp-content/themes/anggita/js/bootstrap.min234e.js]
[speaklies.com/wp-content/themes/anggita/js/superfish234e.js]
[speaklies.com/wp-content/themes/anggita/js/jquery.fitvids234e.js]
[speaklies.com/wp-content/themes/anggita/js/jquery.magnific-popup.min234e.js]
[speaklies.com/wp-content/themes/anggita/js/jquery.sticky234e.js]
[speaklies.com/wp-includes/js/imagesloaded.mineda1.js]
[speaklies.com/wp-content/plugins/elementor/assets/lib/slick/slick.minc245.js]
[speaklies.com/wp-content/themes/anggita/js/jquery.slicknav234e.js]
[speaklies.com/wp-content/plugins/anggita_plugin/widgets/js/slick-animation.js]
[speaklies.com/wp-content/themes/anggita/js/totop234e.js]
[speaklies.com/wp-content/themes/anggita/js/script234e.js]
[speaklies.com/wp-includes/js/wp-embed.min234e.js]
[speaklies.com/wp-content/plugins/elementor/assets/js/frontend-modules.min7c45.js]
[speaklies.com/wp-includes/js/jquery/ui/position.mine899.js]
[speaklies.com/wp-content/plugins/elementor/assets/lib/dialog/dialog.mina288.js]
[speaklies.com/wp-content/plugins/elementor/assets/lib/waypoints/waypoints.min05da.js]
[speaklies.com/wp-content/plugins/elementor/assets/lib/swiper/swiper.min48f5.js]
[speaklies.com/wp-content/plugins/elementor/assets/lib/share-link/share-link.min7c45.js]
[speaklies.com/wp-content/plugins/elementor/assets/js/frontend.min7c45.js]
[speaklies.com/wp-content/themes/anggita/fonts/glyphicons-halflings-regular.html]
[speaklies.com/wp-content/themes/anggita/fonts/glyphicons-halflings-regulard41d.html]
[speaklies.com/wp-content/themes/anggita/fonts/glyphicons-halflings-regular-2.html]
[speaklies.com/wp-content/themes/anggita/fonts/glyphicons-halflings-regular-3.html]
[speaklies.com/wp-content/themes/anggita/fonts/glyphicons-halflings-regular-4.html]
[speaklies.com/wp-content/themes/anggita/fonts/glyphicons-halflings-regular-5.html]
[speaklies.com/wp-content/themes/anggita/fonts/fontawesome-webfont3e6e.svg]
[speaklies.com/wp-content/plugins/elementor/assets/lib/eicons/fonts/eiconsc2cd.svg]
[speaklies.com/wp-content/plugins/elementor/assets/lib/font-awesome/webfonts/fa-brands-400.svg]
[speaklies.com/wp-content/plugins/elementor/assets/lib/font-awesome/webfonts/fa-regular-400.svg]
[speaklies.com/wp-content/plugins/elementor/assets/lib/font-awesome/webfonts/fa-solid-900.svg]
[speaklies.com/Trident/index.html]
[speaklies.com/Popover requires tooltip.html]
[speaklies.com/Edge/index.html]
[speaklies.com/Gecko/index.html]
[speaklies.com/Firefox/index.html]
[speaklies.com/Version/index.html]
[speaklies.com/version/index-2.html]
